cd backend && .venv/bin/ruff check app tests ../tools
All checks passed!
cd backend && .venv/bin/ruff format --check app tests ../tools
12 files already formatted
sh tools/frontend.sh run lint

> tech0-pos-frontend@0.0.0 lint
> eslint . --max-warnings 0

cd backend && .venv/bin/mypy
Success: no issues found in 8 source files
sh tools/frontend.sh run typecheck

> tech0-pos-frontend@0.0.0 typecheck
> next typegen && tsc --noEmit

Generating route types...
✓ Types generated successfully
cd backend && .venv/bin/python -m unittest discover -s tests -v
test_member_flag_cannot_be_coerced (test_pricing.PricingTests.test_member_flag_cannot_be_coerced) ... ok
test_tc06_cap_actual_discount_but_preserve_candidate (test_pricing.PricingTests.test_tc06_cap_actual_discount_but_preserve_candidate) ... ok
test_tc06_maximum_single_discount (test_pricing.PricingTests.test_tc06_maximum_single_discount) ... ok
test_tc06_member_306 (test_pricing.PricingTests.test_tc06_member_306) ... ok
test_tc06_mixed_tax_537 (test_pricing.PricingTests.test_tc06_mixed_tax_537) ... ok
test_tc06_non_member_339_and_570 (test_pricing.PricingTests.test_tc06_non_member_339_and_570) ... ok
test_tc06_select_before_price_cap (test_pricing.PricingTests.test_tc06_select_before_price_cap) ... ok
test_tc06_tie_uses_numeric_id_not_iteration_order (test_pricing.PricingTests.test_tc06_tie_uses_numeric_id_not_iteration_order) ... ok
test_tc07_pure_snapshot_remains_unchanged (test_pricing.PricingTests.test_tc07_pure_snapshot_remains_unchanged) ... ok
test_tc08_every_stored_aggregate_overflow (test_pricing.PricingTests.test_tc08_every_stored_aggregate_overflow) ... ok
test_tc08_invalid_snapshot_inputs (test_pricing.PricingTests.test_tc08_invalid_snapshot_inputs) ... ok
test_tc08_maximum_and_rate_endpoints (test_pricing.PricingTests.test_tc08_maximum_and_rate_endpoints) ... ok
test_tc10_empty_editable_cart_but_no_purchase (test_pricing.PricingTests.test_tc10_empty_editable_cart_but_no_purchase) ... ok
test_tc08_codes_preserve_zeros_and_case (test_validation.BoundaryTests.test_tc08_codes_preserve_zeros_and_case) ... ok
test_tc08_internal_id (test_validation.BoundaryTests.test_tc08_internal_id) ... ok
test_tc08_invalid_codes (test_validation.BoundaryTests.test_tc08_invalid_codes) ... ok
test_tc08_money (test_validation.BoundaryTests.test_tc08_money) ... ok
test_tc08_quantity (test_validation.BoundaryTests.test_tc08_quantity) ... ok
test_tc08_rates (test_validation.BoundaryTests.test_tc08_rates) ... ok
test_tc09_invalid_period_or_missing_zone (test_validation.BoundaryTests.test_tc09_invalid_period_or_missing_zone) ... ok
test_tc09_japan_time_and_half_open_period (test_validation.BoundaryTests.test_tc09_japan_time_and_half_open_period) ... ok

----------------------------------------------------------------------
Ran 21 tests in 0.002s

OK
backend/.venv/bin/python tools/validate_openapi.py
OpenAPI 3.1.1: valid (22 operations)
